Microchip MPLAB XC8 Compiler V1.32 ()

Linker command line:

-W-3 --edf=/opt/microchip/xc8/v1.32/dat/en_msgs.txt -cs \
  -h+dist/default/production/Push_Button.X.production.sym \
  --cmf=dist/default/production/Push_Button.X.production.cmf -z -Q18F45K50 \
  -o/tmp/cgteXpSHH -Mdist/default/production/Push_Button.X.production.map \
  -E1 -ver=XC8 -ASTACK=01DEh-07ffh -pstack=STACK -ACODE=00h-07FFFh \
  -ACONST=00h-07FFFh -ASMALLCONST=0800h-08FFhx120 \
  -AMEDIUMCONST=0800h-07FFFh -ACOMRAM=01h-05Fh -AABS1=00h-07FFh \
  -ABIGRAM=01h-07FFh -ARAM=060h-0FFh,0100h-01FFhx7 -ABANK0=060h-0FFh \
  -ABANK1=0100h-01FFh -ABANK2=0200h-02FFh -ABANK3=0300h-03FFh \
  -ABANK4=0400h-04FFh -ABANK5=0500h-05FFh -ABANK6=0600h-06FFh \
  -ABANK7=0700h-07FFh -ASFR=0F53h-0F5Fh,0F60h-0FFFh \
  -preset_vec=00h,intcode,intcodelo,powerup,init,end_init -pramtop=0800h \
  -psmallconst=SMALLCONST -pmediumconst=MEDIUMCONST -pconst=CONST \
  -AFARRAM=00h-00h -ACONFIG=0300000h-030000Dh -pconfig=CONFIG \
  -AIDLOC=0200000h-0200007h -pidloc=IDLOC -AEEDATA=0F00000h-0F000FFh \
  -peeprom_data=EEDATA \
  -prdata=COMRAM,nvrram=COMRAM,nvbit=COMRAM,rbss=COMRAM,rbit=COMRAM \
  -pfarbss=FARRAM,fardata=FARRAM,nvFARRAM=FARRAM \
  -pintsave_regs=BIGRAM,bigbss=BIGRAM,bigdata=BIGRAM -pbss=RAM \
  -pidata=CODE,irdata=CODE,ibigdata=CODE,ifardata=CODE /tmp/cgtBcsVMz.obj \
  dist/default/production/Push_Button.X.production.obj 

Object code version is 3.11

Machine type is 18F45K50

Call graph: (short form)




                Name                               Link     Load   Length Selector   Space Scale
/tmp/cgtBcsVMz.obj
                end_init                              0        0        4        0       0
                idloc                            200000   200000        8   200000       0
                config                           300000   300000        E   300000       0
dist/default/production/Push_Button.X.production.obj
                mediumconst                        7EC8     7EC8      138     3F64       0
                text15                             6512     6512       FC     3289       0
                text14                             6358     6358       DC     31AC       0
                text13                             61B6     61B6       56     30DB       0
                text12                             6A8A     6A8A      1D8     3545       0
                text11                             6710     6710      126     3388       0
                text10                             6836     6836      128     341B       0
                text9                              695E     695E      12C     34AF       0
                text8                              620C     620C       62     3106       0
                text7                              626E     626E       68     3137       0
                text6                              62D6     62D6       82     316B       0
                text5                              6C62     6C62      22E     3631       0
                text4                              6100     6100       26     3080       0
                text3                              60E0     60E0       20     3070       0
                text2                              660E     660E      102     3307       0
                text1                              6168     6168       4E     30B4       0
                text0                              6E90     6E90     1038     3748       0
                cstackCOMRAM                          1        1       3A        1       1
                cstackBANK0                          60       60       98       60       1
                dataBANK1                           100      100       DE      100       1
                bssBANK0                             F8       F8        8       60       1
                bssCOMRAM                            3B       3B        C        1       1
                cinit                              6126     6126       42     3093       0
                idataBANK1                         6434     6434       DE     6434       0

TOTAL           Name                               Link     Load   Length     Space
        CLASS   STACK          

        CLASS   CODE           
                end_init                              0        0        4         0
                text15                             6512     6512       FC         0
                text14                             6358     6358       DC         0
                text13                             61B6     61B6       56         0
                text12                             6A8A     6A8A      1D8         0
                text11                             6710     6710      126         0
                text10                             6836     6836      128         0
                text9                              695E     695E      12C         0
                text8                              620C     620C       62         0
                text7                              626E     626E       68         0
                text6                              62D6     62D6       82         0
                text5                              6C62     6C62      22E         0
                text4                              6100     6100       26         0
                text3                              60E0     60E0       20         0
                text2                              660E     660E      102         0
                text1                              6168     6168       4E         0
                text0                              6E90     6E90     1038         0
                cinit                              6126     6126       42         0
                idataBANK1                         6434     6434       DE         0

        CLASS   CONST          

        CLASS   SMALLCONST     

        CLASS   MEDIUMCONST    
                mediumconst                        7EC8     7EC8      138         0

        CLASS   COMRAM         
                cstackCOMRAM                          1        1       3A         1
                bssCOMRAM                            3B       3B        C         1

        CLASS   ABS1           

        CLASS   BIGRAM         

        CLASS   RAM            

        CLASS   BANK0          
                cstackBANK0                          60       60       98         1
                bssBANK0                             F8       F8        8         1

        CLASS   BANK1          
                dataBANK1                           100      100       DE         1

        CLASS   BANK2          

        CLASS   BANK3          

        CLASS   BANK4          

        CLASS   BANK5          

        CLASS   BANK6          

        CLASS   BANK7          

        CLASS   SFR            

        CLASS   FARRAM         

        CLASS   CONFIG         
                config                           300000   300000        E         0

        CLASS   IDLOC          
                idloc                            200000   200000        8         0

        CLASS   EEDATA         



SEGMENTS        Name                           Load    Length   Top    Selector   Space  Class

                reset_vec                      000000  000004  000004         0       0  CODE    
                cstackCOMRAM                   000001  000046  000047         1       1  COMRAM  
                cstackBANK0                    000060  0000A0  000100        60       1  BANK0   
                dataBANK1                      000100  0000DE  0001DE       100       1  BANK1   
                text3                          0060E0  000020  006100      3070       0  CODE    
                text4                          006100  000026  006126      3080       0  CODE    
                cinit                          006126  000042  006168      3093       0  CODE    
                text1                          006168  00004E  0061B6      30B4       0  CODE    
                text13                         0061B6  000056  00620C      30DB       0  CODE    
                text8                          00620C  000062  00626E      3106       0  CODE    
                text7                          00626E  000068  0062D6      3137       0  CODE    
                text6                          0062D6  000082  006358      316B       0  CODE    
                text14                         006358  0000DC  006434      31AC       0  CODE    
                idataBANK1                     006434  0000DE  006512      6434       0  CODE    
                text15                         006512  0000FC  00660E      3289       0  CODE    
                text2                          00660E  000102  006710      3307       0  CODE    
                text11                         006710  000126  006836      3388       0  CODE    
                text10                         006836  000128  00695E      341B       0  CODE    
                text9                          00695E  00012C  006A8A      34AF       0  CODE    
                text12                         006A8A  0001D8  006C62      3545       0  CODE    
                text5                          006C62  00022E  006E90      3631       0  CODE    
                text0                          006E90  001038  007EC8      3748       0  CODE    
                mediumconst                    007EC8  000138  008000      3F64       0  MEDIUMCO
                idloc                          200000  000008  200008    200000       0  IDLOC   
                config                         300000  00000E  30000E    300000       0  CONFIG  


UNUSED ADDRESS RANGES

        Name                Unused          Largest block    Delta
        BANK1            0001DE-0001FF               22
        BANK2            000200-0002FF              100
        BANK3            000300-0003FF              100
        BANK4            000400-0004FF              100
        BANK5            000500-0005FF              100
        BANK6            000600-0006FF              100
        BANK7            000700-0007FF              100
        BIGRAM           000047-00005F               19
                         0001DE-0007FF              622
        CODE             000004-0060DF             60DC
        COMRAM           000047-00005F               19
        CONST            000004-0060DF             60DC
        EEDATA           F00000-F000FF              100
        MEDIUMCONST      000800-0060DF             58E0
        RAM              0001DE-0007FF              100
        SFR              000F53-000FFF                D
        SMALLCONST       000800-0060DF              100
        STACK            0001DE-0007FF              622

                                  Symbol Table

?_Conv_Entero             cstackCOMRAM 00000F
?___aldiv                 cstackCOMRAM 000001
?___almod                 cstackCOMRAM 000001
?___lldiv                 cstackCOMRAM 000001
?___lmul                  cstackCOMRAM 000001
?___wmul                  cstackCOMRAM 000001
?_atoi                    cstackCOMRAM 000007
Conv_Entero@conv          cstackCOMRAM 000013
Conv_Entero@convTemp      cstackCOMRAM 00001A
Conv_Entero@i             cstackCOMRAM 000031
Conv_Entero@num           cstackCOMRAM 00002F
Conv_Entero@numero        cstackCOMRAM 00000F
Conv_Entero@numeroReg     cstackCOMRAM 000034
Conv_Entero@punteroActual cstackCOMRAM 000032
Lcd_Chr_CP@data           cstackCOMRAM 000003
Lcd_Cmd@data              cstackCOMRAM 000003
Lcd_Init@data             cstackCOMRAM 000005
Lcd_Out2@buffer           cstackCOMRAM 000005
Lcd_Out2@data             cstackCOMRAM 000008
Lcd_Out2@x                cstackCOMRAM 000004
Lcd_Out2@y                cstackCOMRAM 000007
Lcd_Out@buffer            cstackCOMRAM 000005
Lcd_Out@data              cstackCOMRAM 000008
Lcd_Out@x                 cstackCOMRAM 000004
Lcd_Out@y                 cstackCOMRAM 000007
PWM_generar@AuxCCP2CON    cstackCOMRAM 000018
PWM_generar@AuxCCPR2L     cstackCOMRAM 00001E
PWM_generar@PR2cal        cstackCOMRAM 00001A
PWM_generar@ciclo         cstackCOMRAM 00000E
PWM_generar@frecuencia    cstackCOMRAM 000010
PWM_generar@prescalador   cstackCOMRAM 000016
SENO_100@F7355            dataBANK1    000166
SENO_20@F7367             dataBANK1    00018E
SENO_50@F7361             dataBANK1    0001B6
_ANSELA                   (abs)        000F5B
_ANSELB                   (abs)        000F5C
_ANSELD                   (abs)        000F5E
_B                        bssBANK0     0000F8
_C                        bssCOMRAM    00003B
_CCP2CON                  (abs)        000F97
_CCPR2L                   (abs)        000F90
_Conv_Entero              text12       006A8A
_D                        bssCOMRAM    00003D
_INTCON2bits              (abs)        000FF1
_Lcd_Chr_CP               text9        00695E
_Lcd_Cmd                  text11       006710
_Lcd_Init                 text10       006836
_Lcd_Out                  text8        00620C
_Lcd_Out2                 text7        00626E
_PORTAbits                (abs)        000F80
_PORTB                    (abs)        000F81
_PORTBbits                (abs)        000F81
_PORTCbits                (abs)        000F82
_PORTDbits                (abs)        000F83
_PR2                      (abs)        000FBB
_PWM_generar              text5        006C62
_T2CON                    (abs)        000FBA
_T2CONbits                (abs)        000FBA
_TMR2                     (abs)        000FBC
_TRISAbits                (abs)        000F92
_TRISB                    (abs)        000F93
_TRISCbits                (abs)        000F94
_TRISDbits                (abs)        000F95
__CFG_BOREN$SBORDIS       (abs)        000000
__CFG_BORV$190            (abs)        000000
__CFG_CCP2MX$RC1          (abs)        000000
__CFG_CFGPLLEN$OFF        (abs)        000000
__CFG_CP0$OFF             (abs)        000000
__CFG_CP1$OFF             (abs)        000000
__CFG_CP2$OFF             (abs)        000000
__CFG_CP3$OFF             (abs)        000000
__CFG_CPB$OFF             (abs)        000000
__CFG_CPD$OFF             (abs)        000000
__CFG_CPUDIV$NOCLKDIV     (abs)        000000
__CFG_EBTR0$OFF           (abs)        000000
__CFG_EBTR1$OFF           (abs)        000000
__CFG_EBTR2$OFF           (abs)        000000
__CFG_EBTR3$OFF           (abs)        000000
__CFG_EBTRB$OFF           (abs)        000000
__CFG_FCMEN$OFF           (abs)        000000
__CFG_FOSC$INTOSCIO       (abs)        000000
__CFG_ICPRT$OFF           (abs)        000000
__CFG_IESO$OFF            (abs)        000000
__CFG_LS48MHZ$SYS24X4     (abs)        000000
__CFG_LVP$OFF             (abs)        000000
__CFG_MCLRE$ON            (abs)        000000
__CFG_PBADEN$ON           (abs)        000000
__CFG_PCLKEN$OFF          (abs)        000000
__CFG_PLLSEL$PLL4X        (abs)        000000
__CFG_SDOMX$RB3           (abs)        000000
__CFG_STVREN$ON           (abs)        000000
__CFG_T3CMX$RC0           (abs)        000000
__CFG_WDTEN$OFF           (abs)        000000
__CFG_WDTPS$32768         (abs)        000000
__CFG_WRT0$OFF            (abs)        000000
__CFG_WRT1$OFF            (abs)        000000
__CFG_WRT2$OFF            (abs)        000000
__CFG_WRT3$OFF            (abs)        000000
__CFG_WRTB$OFF            (abs)        000000
__CFG_WRTC$OFF            (abs)        000000
__CFG_WRTD$OFF            (abs)        000000
__CFG_XINST$OFF           (abs)        000000
__CFG_nLPBOR$OFF          (abs)        000000
__CFG_nPWRTEN$ON          (abs)        000000
__HRAM                    (abs)        000000
__Habs1                   abs1         000000
__Hbank0                  bank0        000000
__Hbank1                  bank1        000000
__Hbank2                  bank2        000000
__Hbank3                  bank3        000000
__Hbank4                  bank4        000000
__Hbank5                  bank5        000000
__Hbank6                  bank6        000000
__Hbank7                  bank7        000000
__Hbigbss                 bigbss       000000
__Hbigdata                bigdata      000000
__Hbigram                 bigram       000000
__Hbss                    bss          000000
__HbssBANK0               bssBANK0     000000
__HbssCOMRAM              bssCOMRAM    000000
__Hcinit                  cinit        000000
__Hclrtext                clrtext      000000
__Hcomram                 comram       000000
__Hconfig                 config       30000E
__Hconst                  const        000000
__HcstackBANK0            cstackBANK0  000000
__HcstackCOMRAM           cstackCOMRAM 000000
__Hdata                   data         000000
__HdataBANK1              dataBANK1    000000
__Heeprom_data            eeprom_data  000000
__Hend_init               end_init     000004
__Hfarbss                 farbss       000000
__Hfardata                fardata      000000
__Hibigdata               ibigdata     000000
__Hidata                  idata        000000
__HidataBANK1             idataBANK1   000000
__Hidloc                  idloc        200008
__Hifardata               ifardata     000000
__Hinit                   init         000000
__Hintcode                intcode      000000
__Hintcode_body           intcode_body 000000
__Hintcodelo              intcodelo    000000
__Hintentry               intentry     000000
__Hintret                 intret       000000
__Hintsave_regs           intsave_regs 000000
__Hirdata                 irdata       000000
__Hmediumconst            mediumconst  008000
__HnvFARRAM               nvFARRAM     000000
__Hnvbit                  nvbit        000000
__Hnvrram                 nvrram       000000
__Hparam                  rparam       000000
__Hpowerup                powerup      000000
__Hram                    ram          000000
__Hramtop                 ramtop       000800
__Hrbit                   rbit         000000
__Hrbss                   rbss         000000
__Hrdata                  rdata        000000
__Hreset_vec              reset_vec    000000
__Hrparam                 rparam       000000
__Hsfr                    sfr          000000
__Hsmallconst             smallconst   000000
__Hspace_0                (abs)        30000E
__Hspace_1                (abs)        0001DE
__Hspace_2                (abs)        000000
__Hstack                  stack        000000
__Hstruct                 struct       000000
__Htemp                   temp         000000
__Htext                   text         000000
__Htext0                  text0        000000
__Htext1                  text1        000000
__Htext10                 text10       000000
__Htext11                 text11       000000
__Htext12                 text12       000000
__Htext13                 text13       000000
__Htext14                 text14       000000
__Htext15                 text15       000000
__Htext2                  text2        000000
__Htext3                  text3        000000
__Htext4                  text4        000000
__Htext5                  text5        000000
__Htext6                  text6        000000
__Htext7                  text7        000000
__Htext8                  text8        000000
__Htext9                  text9        000000
__LRAM                    (abs)        000001
__Labs1                   abs1         000000
__Lbank0                  bank0        000000
__Lbank1                  bank1        000000
__Lbank2                  bank2        000000
__Lbank3                  bank3        000000
__Lbank4                  bank4        000000
__Lbank5                  bank5        000000
__Lbank6                  bank6        000000
__Lbank7                  bank7        000000
__Lbigbss                 bigbss       000000
__Lbigdata                bigdata      000000
__Lbigram                 bigram       000000
__Lbss                    bss          000000
__LbssBANK0               bssBANK0     000000
__LbssCOMRAM              bssCOMRAM    000000
__Lcinit                  cinit        000000
__Lclrtext                clrtext      000000
__Lcomram                 comram       000000
__Lconfig                 config       300000
__Lconst                  const        000000
__LcstackBANK0            cstackBANK0  000000
__LcstackCOMRAM           cstackCOMRAM 000000
__Ldata                   data         000000
__LdataBANK1              dataBANK1    000000
__Leeprom_data            eeprom_data  000000
__Lend_init               end_init     000000
__Lfarbss                 farbss       000000
__Lfardata                fardata      000000
__Libigdata               ibigdata     000000
__Lidata                  idata        000000
__LidataBANK1             idataBANK1   000000
__Lidloc                  idloc        200000
__Lifardata               ifardata     000000
__Linit                   init         000000
__Lintcode                intcode      000000
__Lintcode_body           intcode_body 000000
__Lintcodelo              intcodelo    000000
__Lintentry               intentry     000000
__Lintret                 intret       000000
__Lintsave_regs           intsave_regs 000000
__Lirdata                 irdata       000000
__Lmediumconst            mediumconst  007EC8
__LnvFARRAM               nvFARRAM     000000
__Lnvbit                  nvbit        000000
__Lnvrram                 nvrram       000000
__Lparam                  rparam       000000
__Lpowerup                powerup      000000
__Lram                    ram          000000
__Lramtop                 ramtop       000800
__Lrbit                   rbit         000000
__Lrbss                   rbss         000000
__Lrdata                  rdata        000000
__Lreset_vec              reset_vec    000000
__Lrparam                 rparam       000000
__Lsfr                    sfr          000000
__Lsmallconst             smallconst   000000
__Lspace_0                (abs)        000000
__Lspace_1                (abs)        000000
__Lspace_2                (abs)        000000
__Lstack                  stack        000000
__Lstruct                 struct       000000
__Ltemp                   temp         000000
__Ltext                   text         000000
__Ltext0                  text0        000000
__Ltext1                  text1        000000
__Ltext10                 text10       000000
__Ltext11                 text11       000000
__Ltext12                 text12       000000
__Ltext13                 text13       000000
__Ltext14                 text14       000000
__Ltext15                 text15       000000
__Ltext2                  text2        000000
__Ltext3                  text3        000000
__Ltext4                  text4        000000
__Ltext5                  text5        000000
__Ltext6                  text6        000000
__Ltext7                  text7        000000
__Ltext8                  text8        000000
__Ltext9                  text9        000000
__S0                      (abs)        30000E
__S1                      (abs)        0001DE
__S2                      (abs)        000000
___aldiv                  text15       006512
___aldiv@counter          cstackCOMRAM 000009
___aldiv@dividend         cstackCOMRAM 000001
___aldiv@divisor          cstackCOMRAM 000005
___aldiv@quotient         cstackCOMRAM 00000B
___aldiv@sign             cstackCOMRAM 00000A
___almod                  text14       006358
___almod@counter          cstackCOMRAM 000009
___almod@dividend         cstackCOMRAM 000001
___almod@divisor          cstackCOMRAM 000005
___almod@sign             cstackCOMRAM 00000A
___inthi_sp               stack        000000
___intlo_sp               stack        000000
___lldiv                  text6        0062D6
___lldiv@counter          cstackCOMRAM 00000D
___lldiv@dividend         cstackCOMRAM 000001
___lldiv@divisor          cstackCOMRAM 000005
___lldiv@quotient         cstackCOMRAM 000009
___lmul                   text13       0061B6
___lmul@multiplicand      cstackCOMRAM 000005
___lmul@multiplier        cstackCOMRAM 000001
___lmul@product           cstackCOMRAM 000009
___sp                     stack        000000
___wmul                   text4        006100
___wmul@multiplicand      cstackCOMRAM 000003
___wmul@multiplier        cstackCOMRAM 000001
___wmul@product           cstackCOMRAM 000005
__accesstop               (abs)        000060
__activetblptr            (abs)        000002
__end_of_Conv_Entero      text12       006C62
__end_of_Lcd_Chr_CP       text9        006A8A
__end_of_Lcd_Cmd          text11       006836
__end_of_Lcd_Init         text10       00695E
__end_of_Lcd_Out          text8        00626E
__end_of_Lcd_Out2         text7        0062D6
__end_of_PWM_generar      text5        006E90
__end_of___aldiv          text15       00660E
__end_of___almod          text14       006434
__end_of___lldiv          text6        006358
__end_of___lmul           text13       00620C
__end_of___wmul           text4        006126
__end_of__initialization  cinit        00615E
__end_of__stringdata      mediumconst  007FFE
__end_of_atoi             text2        006710
__end_of_isdigit          text3        006100
__end_of_lcd_goto         text1        0061B6
__end_of_main             text0        007EC8
__initialization          cinit        006126
__mediumconst             mediumconst  007EC8
__pbssBANK0               bssBANK0     0000F8
__pbssCOMRAM              bssCOMRAM    00003B
__pcinit                  cinit        006126
__pcstackBANK0            cstackBANK0  000060
__pcstackCOMRAM           cstackCOMRAM 000001
__pdataBANK1              dataBANK1    000100
__pidataBANK1             idataBANK1   006434
__pmediumconst            mediumconst  007EC8
__ptext0                  text0        006E90
__ptext1                  text1        006168
__ptext10                 text10       006836
__ptext11                 text11       006710
__ptext12                 text12       006A8A
__ptext13                 text13       0061B6
__ptext14                 text14       006358
__ptext15                 text15       006512
__ptext2                  text2        00660E
__ptext3                  text3        0060E0
__ptext4                  text4        006100
__ptext5                  text5        006C62
__ptext6                  text6        0062D6
__ptext7                  text7        00626E
__ptext8                  text8        00620C
__ptext9                  text9        00695E
__ramtop                  ramtop       000800
__size_of_Conv_Entero     (abs)        000000
__size_of_Lcd_Chr_CP      (abs)        000000
__size_of_Lcd_Cmd         (abs)        000000
__size_of_Lcd_Init        (abs)        000000
__size_of_Lcd_Out         (abs)        000000
__size_of_Lcd_Out2        (abs)        000000
__size_of_PWM_generar     (abs)        000000
__size_of___aldiv         (abs)        000000
__size_of___almod         (abs)        000000
__size_of___lldiv         (abs)        000000
__size_of___lmul          (abs)        000000
__size_of___wmul          (abs)        000000
__size_of_atoi            (abs)        000000
__size_of_isdigit         (abs)        000000
__size_of_lcd_goto        (abs)        000000
__size_of_main            (abs)        000000
__smallconst              smallconst   000000
__stringdata              mediumconst  007EC9
_atoi                     text2        00660E
_e                        bssBANK0     0000FA
_frecuencia               bssCOMRAM    00003F
_isdigit                  text3        0060E0
_isdigit$1038             cstackCOMRAM 000002
_lcd_goto                 text1        006168
_main                     text0        006E90
_p                        bssCOMRAM    000041
_q                        bssCOMRAM    000043
_r                        bssBANK0     0000FC
_t                        bssCOMRAM    000045
_w                        bssBANK0     0000FE
atoi@a                    cstackCOMRAM 00000D
atoi@s                    cstackCOMRAM 000007
atoi@sign                 cstackCOMRAM 00000C
end_of_initialization     cinit        00615E
intlevel0                 text         000000
intlevel1                 text         000000
intlevel2                 text         000000
intlevel3                 text         000000
isdigit@c                 cstackCOMRAM 000003
lcd_goto@data             cstackCOMRAM 00000A
lcd_goto@x                cstackCOMRAM 000004
lcd_goto@y                cstackCOMRAM 000006
main@A                    cstackBANK0  0000F7
main@F7724                dataBANK1    000100
main@V                    cstackBANK0  0000F3
main@X                    cstackBANK0  0000F1
main@Z                    cstackBANK0  0000F5
main@cad                  cstackBANK0  0000C6
main@cadena               cstackBANK0  0000DA
main@cant                 cstackBANK0  0000F0
main@cantidad             cstackBANK0  0000EF
main@fre                  cstackBANK0  0000EE
main@valoresSeno          cstackBANK0  000060
stackhi                   (abs)        0007FF
stacklo                   (abs)        0001DE
start                     init         000000
start_initialization      cinit        006126


FUNCTION INFORMATION:

 *************** function _main *****************
 Defined at:
		line 22 in file "Main.c"
 Parameters:    Size  Location     Type
		None
 Auto vars:     Size  Location     Type
  fre             1  142[BANK0 ] unsigned char 
  valoresSeno   102    0[BANK0 ] int [51]
  cadena         20  122[BANK0 ] unsigned char [20]
  cad            20  102[BANK0 ] unsigned char [20]
  Z               2  149[BANK0 ] unsigned int 
  V               2  147[BANK0 ] unsigned int 
  X               2  145[BANK0 ] unsigned int 
  A               1  151[BANK0 ] unsigned char 
  cant            1  144[BANK0 ] unsigned char 
  cantidad        1  143[BANK0 ] unsigned char 
 Return value:  Size  Location     Type
		None               void
 Registers used:
		wreg, fsr1l, fsr1h, fsr2l, fsr2h, status,2, status,0, tblptrl, tblptrh, tblptru, prodl, prodh, cstack
 Tracked objects:
		On entry : 
		On exit  : 
		Unchanged: 
 Data sizes:     COMRAM   BANK0   BANK1   BANK2   BANK3   BANK4   BANK5   BANK6   BANK7
      Params:         0       0       0       0       0       0       0       0       0
      Locals:         0     152       0       0       0       0       0       0       0
      Temps:          3       0       0       0       0       0       0       0       0
      Totals:         3     152       0       0       0       0       0       0       0
Total ram usage:      155 bytes
 Hardware stack levels required when called:    2
 This function calls:
		_Conv_Entero
		_Lcd_Chr_CP
		_Lcd_Cmd
		_Lcd_Init
		_Lcd_Out
		_Lcd_Out2
		_PWM_generar
		_atoi
		_lcd_goto
 This function is called by:
		Startup code after reset
 This function uses a non-reentrant model


 *************** function _lcd_goto *****************
 Defined at:
		line 161 in file "LCD.h"
 Parameters:    Size  Location     Type
  x               2    3[COMRAM] int 
  y               2    5[COMRAM] int 
 Auto vars:     Size  Location     Type
  data            1    9[COMRAM] unsigned char 
 Return value:  Size  Location     Type
		None               void
 Registers used:
		wreg, status,2, status,0, cstack
 Tracked objects:
		On entry : 
		On exit  : 
		Unchanged: 
 Data sizes:     COMRAM   BANK0   BANK1   BANK2   BANK3   BANK4   BANK5   BANK6   BANK7
      Params:         4       0       0       0       0       0       0       0       0
      Locals:         1       0       0       0       0       0       0       0       0
      Temps:          2       0       0       0       0       0       0       0       0
      Totals:         7       0       0       0       0       0       0       0       0
Total ram usage:        7 bytes
 Hardware stack levels used:    1
 Hardware stack levels required when called:    1
 This function calls:
		_Lcd_Cmd
 This function is called by:
		_main
 This function uses a non-reentrant model


 *************** function _atoi *****************
 Defined at:
		line 5 in file "/opt/microchip/xc8/v1.32/sources/common/atoi.c"
 Parameters:    Size  Location     Type
  s               3    6[COMRAM] PTR const unsigned char 
		 -> ROM(32767), 
 Auto vars:     Size  Location     Type
  a               2   12[COMRAM] int 
  sign            1   11[COMRAM] unsigned char 
 Return value:  Size  Location     Type
                  2    6[COMRAM] int 
 Registers used:
		wreg, status,2, status,0, tblptrl, tblptrh, tblptru, prodl, prodh, cstack
 Tracked objects:
		On entry : 
		On exit  : 
		Unchanged: 
 Data sizes:     COMRAM   BANK0   BANK1   BANK2   BANK3   BANK4   BANK5   BANK6   BANK7
      Params:         3       0       0       0       0       0       0       0       0
      Locals:         3       0       0       0       0       0       0       0       0
      Temps:          2       0       0       0       0       0       0       0       0
      Totals:         8       0       0       0       0       0       0       0       0
Total ram usage:        8 bytes
 Hardware stack levels used:    1
 Hardware stack levels required when called:    1
 This function calls:
		___wmul
		_isdigit
 This function is called by:
		_main
 This function uses a non-reentrant model


 *************** function _isdigit *****************
 Defined at:
		line 8 in file "/opt/microchip/xc8/v1.32/sources/common/isdigit.c"
 Parameters:    Size  Location     Type
  c               1    wreg     unsigned char 
 Auto vars:     Size  Location     Type
  c               1    2[COMRAM] unsigned char 
 Return value:  Size  Location     Type
		None               void
 Registers used:
		wreg, status,2, status,0
 Tracked objects:
		On entry : 
		On exit  : 
		Unchanged: 
 Data sizes:     COMRAM   BANK0   BANK1   BANK2   BANK3   BANK4   BANK5   BANK6   BANK7
      Params:         0       0       0       0       0       0       0       0       0
      Locals:         2       0       0       0       0       0       0       0       0
      Temps:          1       0       0       0       0       0       0       0       0
      Totals:         3       0       0       0       0       0       0       0       0
Total ram usage:        3 bytes
 Hardware stack levels used:    1
 This function calls:
		Nothing
 This function is called by:
		_atoi
 This function uses a non-reentrant model


 *************** function ___wmul *****************
 Defined at:
		line 15 in file "/opt/microchip/xc8/v1.32/sources/common/Umul16.c"
 Parameters:    Size  Location     Type
  multiplier      2    0[COMRAM] unsigned int 
  multiplicand    2    2[COMRAM] unsigned int 
 Auto vars:     Size  Location     Type
  product         2    4[COMRAM] unsigned int 
 Return value:  Size  Location     Type
                  2    0[COMRAM] unsigned int 
 Registers used:
		wreg, status,2, status,0, prodl, prodh
 Tracked objects:
		On entry : 
		On exit  : 
		Unchanged: 
 Data sizes:     COMRAM   BANK0   BANK1   BANK2   BANK3   BANK4   BANK5   BANK6   BANK7
      Params:         4       0       0       0       0       0       0       0       0
      Locals:         2       0       0       0       0       0       0       0       0
      Temps:          0       0       0       0       0       0       0       0       0
      Totals:         6       0       0       0       0       0       0       0       0
Total ram usage:        6 bytes
 Hardware stack levels used:    1
 This function calls:
		Nothing
 This function is called by:
		_atoi
 This function uses a non-reentrant model


 *************** function _PWM_generar *****************
 Defined at:
		line 9 in file "PWM.c"
 Parameters:    Size  Location     Type
  ciclo           2   13[COMRAM] unsigned int 
  frecuencia      2   15[COMRAM] unsigned int 
 Auto vars:     Size  Location     Type
  AuxCCPR2L       4   29[COMRAM] unsigned long 
  PR2cal          4   25[COMRAM] unsigned long 
  AuxCCP2CON      2   23[COMRAM] unsigned int 
  prescalador     2   21[COMRAM] unsigned int 
 Return value:  Size  Location     Type
		None               void
 Registers used:
		wreg, status,2, status,0, cstack
 Tracked objects:
		On entry : 
		On exit  : 
		Unchanged: 
 Data sizes:     COMRAM   BANK0   BANK1   BANK2   BANK3   BANK4   BANK5   BANK6   BANK7
      Params:         4       0       0       0       0       0       0       0       0
      Locals:        12       0       0       0       0       0       0       0       0
      Temps:          4       0       0       0       0       0       0       0       0
      Totals:        20       0       0       0       0       0       0       0       0
Total ram usage:       20 bytes
 Hardware stack levels used:    1
 Hardware stack levels required when called:    1
 This function calls:
		___lldiv
		___lmul
 This function is called by:
		_main
 This function uses a non-reentrant model


 *************** function ___lldiv *****************
 Defined at:
		line 8 in file "/opt/microchip/xc8/v1.32/sources/common/lldiv.c"
 Parameters:    Size  Location     Type
  dividend        4    0[COMRAM] unsigned long 
  divisor         4    4[COMRAM] unsigned long 
 Auto vars:     Size  Location     Type
  quotient        4    8[COMRAM] unsigned long 
  counter         1   12[COMRAM] unsigned char 
 Return value:  Size  Location     Type
                  4    0[COMRAM] unsigned long 
 Registers used:
		wreg, status,2, status,0
 Tracked objects:
		On entry : 
		On exit  : 
		Unchanged: 
 Data sizes:     COMRAM   BANK0   BANK1   BANK2   BANK3   BANK4   BANK5   BANK6   BANK7
      Params:         8       0       0       0       0       0       0       0       0
      Locals:         5       0       0       0       0       0       0       0       0
      Temps:          0       0       0       0       0       0       0       0       0
      Totals:        13       0       0       0       0       0       0       0       0
Total ram usage:       13 bytes
 Hardware stack levels used:    1
 This function calls:
		Nothing
 This function is called by:
		_PWM_generar
 This function uses a non-reentrant model


 *************** function _Lcd_Out2 *****************
 Defined at:
		line 113 in file "LCD.h"
 Parameters:    Size  Location     Type
  y               1    wreg     unsigned char 
  x               1    3[COMRAM] unsigned char 
  buffer          2    4[COMRAM] PTR unsigned char 
		 -> STR_76(14), STR_75(5), STR_74(12), STR_73(7), 
		 -> STR_72(2), STR_71(4), STR_70(10), STR_69(12), 
		 -> STR_68(12), STR_67(6), STR_66(5), STR_65(5), 
		 -> STR_64(5), STR_63(6), STR_62(5), STR_61(5), 
		 -> STR_60(5), STR_59(6), STR_58(5), STR_57(5), 
		 -> STR_56(5), STR_55(6), STR_54(5), STR_53(5), 
		 -> STR_52(6), STR_51(5), STR_50(5), STR_49(5), 
		 -> STR_48(5), STR_47(5), STR_46(5), STR_45(5), 
		 -> STR_44(5), STR_43(5), STR_42(5), STR_41(5), 
		 -> STR_40(5), STR_39(5), STR_38(5), STR_37(5), 
		 -> STR_36(5), STR_35(5), STR_34(5), STR_33(5), 
		 -> STR_32(5), STR_31(5), STR_30(5), STR_29(5), 
		 -> STR_28(5), STR_27(5), STR_26(5), STR_25(5), 
		 -> STR_24(5), STR_23(5), STR_22(5), STR_21(5), 
		 -> STR_20(5), STR_19(5), STR_18(5), STR_17(5), 
		 -> STR_16(5), STR_15(9), STR_14(14), STR_13(9), 
		 -> STR_12(9), STR_11(14), STR_10(9), STR_9(14), 
		 -> STR_8(12), STR_7(12), STR_6(12), STR_5(12), 
		 -> STR_4(12), STR_3(7), STR_2(16), STR_1(16), 
 Auto vars:     Size  Location     Type
  y               1    6[COMRAM] unsigned char 
  data            1    7[COMRAM] unsigned char 
 Return value:  Size  Location     Type
		None               void
 Registers used:
		wreg, status,2, status,0, tblptrl, tblptrh, tblptru, cstack
 Tracked objects:
		On entry : 
		On exit  : 
		Unchanged: 
 Data sizes:     COMRAM   BANK0   BANK1   BANK2   BANK3   BANK4   BANK5   BANK6   BANK7
      Params:         3       0       0       0       0       0       0       0       0
      Locals:         2       0       0       0       0       0       0       0       0
      Temps:          0       0       0       0       0       0       0       0       0
      Totals:         5       0       0       0       0       0       0       0       0
Total ram usage:        5 bytes
 Hardware stack levels used:    1
 Hardware stack levels required when called:    1
 This function calls:
		_Lcd_Chr_CP
		_Lcd_Cmd
 This function is called by:
		_main
 This function uses a non-reentrant model


 *************** function _Lcd_Out *****************
 Defined at:
		line 92 in file "LCD.h"
 Parameters:    Size  Location     Type
  y               1    wreg     unsigned char 
  x               1    3[COMRAM] unsigned char 
  buffer          2    4[COMRAM] PTR const unsigned char 
		 -> main@cadena(20), 
 Auto vars:     Size  Location     Type
  y               1    6[COMRAM] unsigned char 
  data            1    7[COMRAM] unsigned char 
 Return value:  Size  Location     Type
		None               void
 Registers used:
		wreg, fsr2l, fsr2h, status,2, status,0, cstack
 Tracked objects:
		On entry : 
		On exit  : 
		Unchanged: 
 Data sizes:     COMRAM   BANK0   BANK1   BANK2   BANK3   BANK4   BANK5   BANK6   BANK7
      Params:         3       0       0       0       0       0       0       0       0
      Locals:         2       0       0       0       0       0       0       0       0
      Temps:          0       0       0       0       0       0       0       0       0
      Totals:         5       0       0       0       0       0       0       0       0
Total ram usage:        5 bytes
 Hardware stack levels used:    1
 Hardware stack levels required when called:    1
 This function calls:
		_Lcd_Chr_CP
		_Lcd_Cmd
 This function is called by:
		_main
 This function uses a non-reentrant model


 *************** function _Lcd_Chr_CP *****************
 Defined at:
		line 134 in file "LCD.h"
 Parameters:    Size  Location     Type
  data            1    wreg     unsigned char 
 Auto vars:     Size  Location     Type
  data            1    2[COMRAM] unsigned char 
 Return value:  Size  Location     Type
		None               void
 Registers used:
		wreg, status,2, status,0
 Tracked objects:
		On entry : 
		On exit  : 
		Unchanged: 
 Data sizes:     COMRAM   BANK0   BANK1   BANK2   BANK3   BANK4   BANK5   BANK6   BANK7
      Params:         0       0       0       0       0       0       0       0       0
      Locals:         1       0       0       0       0       0       0       0       0
      Temps:          2       0       0       0       0       0       0       0       0
      Totals:         3       0       0       0       0       0       0       0       0
Total ram usage:        3 bytes
 Hardware stack levels used:    1
 This function calls:
		Nothing
 This function is called by:
		_Lcd_Out
		_Lcd_Out2
		_main
 This function uses a non-reentrant model


 *************** function _Lcd_Init *****************
 Defined at:
		line 48 in file "LCD.h"
 Parameters:    Size  Location     Type
		None
 Auto vars:     Size  Location     Type
  data            1    4[COMRAM] unsigned char 
 Return value:  Size  Location     Type
		None               void
 Registers used:
		wreg, status,2, status,0, cstack
 Tracked objects:
		On entry : 
		On exit  : 
		Unchanged: 
 Data sizes:     COMRAM   BANK0   BANK1   BANK2   BANK3   BANK4   BANK5   BANK6   BANK7
      Params:         0       0       0       0       0       0       0       0       0
      Locals:         1       0       0       0       0       0       0       0       0
      Temps:          1       0       0       0       0       0       0       0       0
      Totals:         2       0       0       0       0       0       0       0       0
Total ram usage:        2 bytes
 Hardware stack levels used:    1
 Hardware stack levels required when called:    1
 This function calls:
		_Lcd_Cmd
 This function is called by:
		_main
 This function uses a non-reentrant model


 *************** function _Lcd_Cmd *****************
 Defined at:
		line 148 in file "LCD.h"
 Parameters:    Size  Location     Type
  data            1    wreg     unsigned char 
 Auto vars:     Size  Location     Type
  data            1    2[COMRAM] unsigned char 
 Return value:  Size  Location     Type
		None               void
 Registers used:
		wreg, status,2, status,0
 Tracked objects:
		On entry : 
		On exit  : 
		Unchanged: 
 Data sizes:     COMRAM   BANK0   BANK1   BANK2   BANK3   BANK4   BANK5   BANK6   BANK7
      Params:         0       0       0       0       0       0       0       0       0
      Locals:         1       0       0       0       0       0       0       0       0
      Temps:          2       0       0       0       0       0       0       0       0
      Totals:         3       0       0       0       0       0       0       0       0
Total ram usage:        3 bytes
 Hardware stack levels used:    1
 This function calls:
		Nothing
 This function is called by:
		_Lcd_Init
		_Lcd_Out
		_Lcd_Out2
		_lcd_goto
		_main
 This function uses a non-reentrant model


 *************** function _Conv_Entero *****************
 Defined at:
		line 1 in file "Convertir.h"
 Parameters:    Size  Location     Type
  numero          4   14[COMRAM] long 
  conv            2   18[COMRAM] PTR unsigned char 
		 -> main@cadena(20), main@cad(20), 
 Auto vars:     Size  Location     Type
  convTemp       21   25[COMRAM] unsigned char [21]
  numeroReg       4   51[COMRAM] long 
  punteroActua    2   49[COMRAM] PTR unsigned char 
		 -> Conv_Entero@convTemp(21), 
  num             2   46[COMRAM] int 
  i               1   48[COMRAM] unsigned char 
 Return value:  Size  Location     Type
                  2   14[COMRAM] int 
 Registers used:
		wreg, fsr1l, fsr1h, fsr2l, fsr2h, status,2, status,0, prodl, prodh, cstack
 Tracked objects:
		On entry : 
		On exit  : 
		Unchanged: 
 Data sizes:     COMRAM   BANK0   BANK1   BANK2   BANK3   BANK4   BANK5   BANK6   BANK7
      Params:         6       0       0       0       0       0       0       0       0
      Locals:        30       0       0       0       0       0       0       0       0
      Temps:          5       0       0       0       0       0       0       0       0
      Totals:        41       0       0       0       0       0       0       0       0
Total ram usage:       41 bytes
 Hardware stack levels used:    1
 Hardware stack levels required when called:    1
 This function calls:
		___aldiv
		___almod
		___lmul
 This function is called by:
		_main
 This function uses a non-reentrant model


 *************** function ___lmul *****************
 Defined at:
		line 15 in file "/opt/microchip/xc8/v1.32/sources/common/Umul32.c"
 Parameters:    Size  Location     Type
  multiplier      4    0[COMRAM] unsigned long 
  multiplicand    4    4[COMRAM] unsigned long 
 Auto vars:     Size  Location     Type
  product         4    8[COMRAM] unsigned long 
 Return value:  Size  Location     Type
                  4    0[COMRAM] unsigned long 
 Registers used:
		wreg, status,2, status,0
 Tracked objects:
		On entry : 
		On exit  : 
		Unchanged: 
 Data sizes:     COMRAM   BANK0   BANK1   BANK2   BANK3   BANK4   BANK5   BANK6   BANK7
      Params:         8       0       0       0       0       0       0       0       0
      Locals:         4       0       0       0       0       0       0       0       0
      Temps:          0       0       0       0       0       0       0       0       0
      Totals:        12       0       0       0       0       0       0       0       0
Total ram usage:       12 bytes
 Hardware stack levels used:    1
 This function calls:
		Nothing
 This function is called by:
		_Conv_Entero
		_PWM_generar
 This function uses a non-reentrant model


 *************** function ___almod *****************
 Defined at:
		line 8 in file "/opt/microchip/xc8/v1.32/sources/common/almod.c"
 Parameters:    Size  Location     Type
  dividend        4    0[COMRAM] long 
  divisor         4    4[COMRAM] long 
 Auto vars:     Size  Location     Type
  sign            1    9[COMRAM] unsigned char 
  counter         1    8[COMRAM] unsigned char 
 Return value:  Size  Location     Type
                  4    0[COMRAM] long 
 Registers used:
		wreg, status,2, status,0
 Tracked objects:
		On entry : 
		On exit  : 
		Unchanged: 
 Data sizes:     COMRAM   BANK0   BANK1   BANK2   BANK3   BANK4   BANK5   BANK6   BANK7
      Params:         8       0       0       0       0       0       0       0       0
      Locals:         2       0       0       0       0       0       0       0       0
      Temps:          0       0       0       0       0       0       0       0       0
      Totals:        10       0       0       0       0       0       0       0       0
Total ram usage:       10 bytes
 Hardware stack levels used:    1
 This function calls:
		Nothing
 This function is called by:
		_Conv_Entero
 This function uses a non-reentrant model


 *************** function ___aldiv *****************
 Defined at:
		line 8 in file "/opt/microchip/xc8/v1.32/sources/common/aldiv.c"
 Parameters:    Size  Location     Type
  dividend        4    0[COMRAM] long 
  divisor         4    4[COMRAM] long 
 Auto vars:     Size  Location     Type
  quotient        4   10[COMRAM] long 
  sign            1    9[COMRAM] unsigned char 
  counter         1    8[COMRAM] unsigned char 
 Return value:  Size  Location     Type
                  4    0[COMRAM] long 
 Registers used:
		wreg, status,2, status,0
 Tracked objects:
		On entry : 
		On exit  : 
		Unchanged: 
 Data sizes:     COMRAM   BANK0   BANK1   BANK2   BANK3   BANK4   BANK5   BANK6   BANK7
      Params:         8       0       0       0       0       0       0       0       0
      Locals:         6       0       0       0       0       0       0       0       0
      Temps:          0       0       0       0       0       0       0       0       0
      Totals:        14       0       0       0       0       0       0       0       0
Total ram usage:       14 bytes
 Hardware stack levels used:    1
 This function calls:
		Nothing
 This function is called by:
		_Conv_Entero
 This function uses a non-reentrant model



MODULE INFORMATION

Module		Function		Class		Link	Load	Size
LCD.h
		_Lcd_Init      		CODE           	6836	0000	296
		_Lcd_Out       		CODE           	620C	0000	98
		_Lcd_Out2      		CODE           	626E	0000	104
		_Lcd_Chr_CP    		CODE           	695E	0000	300
		_Lcd_Cmd       		CODE           	6710	0000	294
		_lcd_goto      		CODE           	6168	0000	78

LCD.h estimated size: 1170

/opt/microchip/xc8/v1.32/sources/common/almod.c
		___almod       		CODE           	6358	0000	220

/opt/microchip/xc8/v1.32/sources/common/almod.c estimated size: 220

/opt/microchip/xc8/v1.32/sources/common/Umul32.c
		___lmul        		CODE           	61B6	0000	86

/opt/microchip/xc8/v1.32/sources/common/Umul32.c estimated size: 86

Convertir.h
		_Conv_Entero   		CODE           	6A8A	0000	472

Convertir.h estimated size: 472

/opt/microchip/xc8/v1.32/sources/common/lldiv.c
		___lldiv       		CODE           	62D6	0000	130

/opt/microchip/xc8/v1.32/sources/common/lldiv.c estimated size: 130

/opt/microchip/xc8/v1.32/sources/common/aldiv.c
		___aldiv       		CODE           	6512	0000	252

/opt/microchip/xc8/v1.32/sources/common/aldiv.c estimated size: 252

PWM.c
		_PWM_generar   		CODE           	6C62	0000	558

PWM.c estimated size: 558

Main.c
		_main          		CODE           	6E90	0000	4152

Main.c estimated size: 4152

shared
		__stringdata   		MEDIUMCONST    	7EC9	0000	309
		__initializatio		CODE           	6126	0000	56

shared estimated size: 365

/opt/microchip/xc8/v1.32/sources/common/atoi.c
		_atoi          		CODE           	660E	0000	258

/opt/microchip/xc8/v1.32/sources/common/atoi.c estimated size: 258

/opt/microchip/xc8/v1.32/sources/common/isdigit.c
		_isdigit       		CODE           	60E0	0000	32

/opt/microchip/xc8/v1.32/sources/common/isdigit.c estimated size: 32

/opt/microchip/xc8/v1.32/sources/common/Umul16.c
		___wmul        		CODE           	6100	0000	38

/opt/microchip/xc8/v1.32/sources/common/Umul16.c estimated size: 38

